[BlastTabularResult {blastProgram = BlastP, blastQueryId = "UniRef50_A0A009DWD5", blastDatabase = "uniprot_sprot.fasta", blastHitNumber = 0, hitLines = []},BlastTabularResult {blastProgram = BlastP, blastQueryId = "UniRef50_A0A009DWJ5", blastDatabase = "uniprot_sprot.fasta", blastHitNumber = 0, hitLines = []},BlastTabularResult {blastProgram = BlastP, blastQueryId = "UniRef50_A0A009DX03", blastDatabase = "uniprot_sprot.fasta", blastHitNumber = 0, hitLines = []},BlastTabularResult {blastProgram = BlastP, blastQueryId = "UniRef50_A0A009DYA3", blastDatabase = "uniprot_sprot.fasta", blastHitNumber = 0, hitLines = []},BlastTabularResult {blastProgram = BlastP, blastQueryId = "UniRef50_A0A009DYI3", blastDatabase = "uniprot_sprot.fasta", blastHitNumber = 3, hitLines = [BlastTabularHit {queryId = "UniRef50_A0A009DYI3", subjectId = "sp|P55729|Y4ZB_RHISN", seqIdentity = 39.535, alignmentLength = 86, misMatches = 52, gapOpenScore = 0, queryStart = 1, queryEnd = 86, hitSeqStart = 252, hitSeqEnd = 337, eValue = 3.7e-16, bitScore = 74.7, subjectFrame = 1, querySeq = "AIYKDRWKVELFFKAIKQNLKLKAFLGRSRNAIQTQIWIAMIAYLLVSFAQHLGKTGWTVQRLLRIIQVNLFERRTLKTLFSPDKI", subjectSeq = "ALYKGRWQIELLFRWIKQHLKIRSFLGNNDNAVRLQLFAAMIAYALLRIAARLNRITMPILRFTDLVIRCLFERRDIAAIERPPPV"},BlastTabularHit {queryId = "UniRef50_A0A009DYI3", subjectId = "sp|Q55566|T4SA_SYNY3", seqIdentity = 36.986, alignmentLength = 73, misMatches = 46, gapOpenScore = 0, queryStart = 2, queryEnd = 74, hitSeqStart = 253, hitSeqEnd = 325, eValue = 1.55e-7, bitScore = 50.8, subjectFrame = 1, querySeq = "IYKDRWKVELFFKAIKQNLKLKAFLGRSRNAIQTQIWIAMIAYLLVSFAQHLGKTGWTVQRLLRIIQVNLFER", subjectSeq = "IYKKRWQIELLWKFLKMHLKLNRLIAKNENAIGIQIYTCIIAYLILKLLVIPKEAGTTMLDKLRYLQAFMCEK"},BlastTabularHit {queryId = "UniRef50_A0A009DYI3", subjectId = "sp|Q45620|T5377_GEOSE", seqIdentity = 41.304, alignmentLength = 46, misMatches = 27, gapOpenScore = 0, queryStart = 2, queryEnd = 47, hitSeqStart = 276, hitSeqEnd = 321, eValue = 4.84e-6, bitScore = 46.6, subjectFrame = 1, querySeq = "IYKDRWKVELFFKAIKQNLKLKAFLGRSRNAIQTQIWIAMIAYLLV", subjectSeq = "MYQQRWAVEVFFRWVKQYLNVPTLFGTTENAVYNQLFAAFIAYVLL"}]},BlastTabularResult {blastProgram = BlastP, blastQueryId = "UniRef50_A0A009DZQ8", blastDatabase = "uniprot_sprot.fasta", blastHitNumber = 0, hitLines = []},BlastTabularResult {blastProgram = BlastP, blastQueryId = "UniRef50_A0A009E0R3", blastDatabase = "uniprot_sprot.fasta", blastHitNumber = 1, hitLines = [BlastTabularHit {queryId = "UniRef50_A0A009E0R3", subjectId = "sp|P50358|Y4SN_RHISN", seqIdentity = 39.241, alignmentLength = 79, misMatches = 48, gapOpenScore = 0, queryStart = 4, queryEnd = 82, hitSeqStart = 28, hitSeqEnd = 106, eValue = 6.58e-15, bitScore = 68.9, subjectFrame = 1, querySeq = "PCFYCSIFLSIWLYRIRTGCPWRDIPSCFGHSNSIFKRFNRWSSSGKLLRLFKLLASCPDMEWIFIDGSHVRAHQHSAG", subjectSeq = "PRTNNRLFLDALLWMARSGGRWRDLPERLGDYRAVKRRYYRWIEMGVLDEMLAVLAREADLEWLMIDSTIVRAHQHAAG"}]},BlastTabularResult {blastProgram = BlastP, blastQueryId = "UniRef50_A0A009E1D7", blastDatabase = "uniprot_sprot.fasta", blastHitNumber = 0, hitLines = []},BlastTabularResult {blastProgram = BlastP, blastQueryId = "UniRef50_A0A009E284", blastDatabase = "uniprot_sprot.fasta", blastHitNumber = 0, hitLines = []},BlastTabularResult {blastProgram = BlastP, blastQueryId = "UniRef50_A0A009E2R5", blastDatabase = "uniprot_sprot.fasta", blastHitNumber = 0, hitLines = []},BlastTabularResult {blastProgram = BlastP, blastQueryId = "UniRef50_A0A009E3M2", blastDatabase = "uniprot_sprot.fasta", blastHitNumber = 8, hitLines = [BlastTabularHit {queryId = "UniRef50_A0A009E3M2", subjectId = "sp|Q0P9C7|PGLJ_CAMJE", seqIdentity = 32.044, alignmentLength = 181, misMatches = 119, gapOpenScore = 2, queryStart = 98, queryEnd = 274, hitSeqStart = 152, hitSeqEnd = 332, eValue = 1.96e-20, bitScore = 93.6, subjectFrame = 1, querySeq = "SQGVEDDLKETLGDLPN-VSTIYNAFDQHYMQNQANEFQPELGKYLLHVGAFCYAKAHDTLIKAYAESSQQIPLYLLGKGELEADIKQLIYSLNLEKKVHFLGFNKNPYPFIKNAQALILSSRYEGFVRVISEALALGTPVISTNCPSGPNEILSPNN---LVAVDDIKALAEKMNQVMQN", subjectSeq = "SKGNLEDLVQNFSISPKKCEILYNAIDLENIGQKALEDIALKDKFILSVGRLDKGKNHALLIRAYARLKTDLKLVILGEGVLKDELLALIKELNLEEKVLLLGFDNNPYKYMAKCEFFAFASVFEGFSNVLIESLACSCAVVCTDHKSGARELFGDDEFGLLVEVDNENSMFQGLKTMLED"},BlastTabularHit {queryId = "UniRef50_A0A009E3M2", subjectId = "sp|Q58459|Y1059_METJA", seqIdentity = 38.596, alignmentLength = 114, misMatches = 67, gapOpenScore = 1, queryStart = 142, queryEnd = 252, hitSeqStart = 205, hitSeqEnd = 318, eValue = 2.28e-20, bitScore = 93.6, subjectFrame = 1, querySeq = "LLHVGAFCYAKAHDTLIKAYAESSQQIP---LYLLGKGELEADIKQLIYSLNLEKKVHFLGFNKNPYPFIKNAQALILSSRYEGFVRVISEALALGTPVISTNCPSGPNEILSP", subjectSeq = "FINIGRLTEQKGQWFLIRSFKRVTEKYPNAKLIILGDGELKNKLQELINKLNLQNNVYLLGMQKNPFKFLKHSNCFVFSSLWEGLPNTVIEALSLNLPVISTDCKTGPREILCP"},BlastTabularHit {queryId = "UniRef50_A0A009E3M2", subjectId = "sp|Q9R9N1|LPSE_RHIME", seqIdentity = 26.154, alignmentLength = 195, misMatches = 129, gapOpenScore = 7, queryStart = 89, queryEnd = 274, hitSeqStart = 116, hitSeqEnd = 304, eValue = 5.08e-12, bitScore = 68.9, subjectFrame = 1, querySeq = "YKKHPCI-CVSQGVEDDLKETLGDLPNVSTIYN--AFDQHYMQNQANEFQPELGKYLLHVGAFCYAKAHDTLIKAYAESSQQIP---LYLLGKGELEADIKQLIYSLNLEKKVHFLGFNKNPYPFIKNAQALILSSRYEGFVRVISEALALGTPVISTNCPSGPNEILSPNN---LVAVDDIKALAEKMNQVMQN", subjectSeq = "FRNTDCIVCNTPGIAERVSD-LGWKREIRVISNFTGTGRVVAVDRAKLDTPADAPVVMSMGRFVERKGFHTLIEAVA----RLPGVYLWLLGDGEERDNLHKLATDLGVSGRVRFAGWQDDTRPFLAAVDVFVMSSSHEPLGNVILESWAQGTPVVSTRS-EGPQWFMRDGENGLMVDIGDAEGFARAIEQIVAD"},BlastTabularHit {queryId = "UniRef50_A0A009E3M2", subjectId = "sp|Q81ST7|BSHA_BACAN", seqIdentity = 25.694, alignmentLength = 288, misMatches = 163, gapOpenScore = 11, queryStart = 1, queryEnd = 274, hitSeqStart = 87, hitSeqEnd = 337, eValue = 2.94e-11, bitScore = 67.0, subjectFrame = 1, querySeq = "IDIKHWYYKLFIIITWRYQYIAKQFDQYVLKNIGQPDLILSNLIQTNRIL--SNSKLDNIAYVIRNTFSKENENALLKNPNKVINRYREIYKKHPCICVSQGVEDDLKETLGDLPN--VSTIYNAFDQH-YMQNQANEFQPELG-----KYLLHVGAFCYAKAHDTLIKAYAESSQQI--PLYLLGKGELEADIKQLIYSLNLEKKVHFLGFNKNPYPFIKNAQALILSSRYEGFVRVISEALALGTPVISTNCPSGPNEILSPNN--LVAVDDIKALAEKMNQVMQN", subjectSeq = "LDILHVHYAIPHAICA---YLAKQM-------IGERIKIVTTLHGTDITVLGSDPSLNNL---IR--FGIEQSDVVTAVSHSLINETHELVK----------------------PNKDIQTVYNFIDERVYFKRDMTQLKKEYGISESEKILIHISNFRKVKRVQDVVQAFAKIVTEVDAKLLLVGDGPEFCTILQLVKNLHIEDRVLFLGKQDNVAELLAMSDLMLLLSEKESFGLVLLEAMACGVPCIGTRVGGIPEVIQHGDTGYLCEVGDTTGVADQAIQLLKD"},BlastTabularHit {queryId = "UniRef50_A0A009E3M2", subjectId = "sp|Q06994|RFAB_SALTY", seqIdentity = 24.675, alignmentLength = 231, misMatches = 148, gapOpenScore = 9, queryStart = 89, queryEnd = 300, hitSeqStart = 124, hitSeqEnd = 347, eValue = 2.12e-10, bitScore = 64.3, subjectFrame = 1, querySeq = "YKKHP-CI-------CVSQGVEDDLKETLGDLPNVSTIYNAFD-QHYMQNQANEFQPELGKYLLHVG--AFCYAKAHDTLIKAYAESSQQIPLYLLGKGELEADIKQLIYSLNLEKKVHFLGFNKNPYPF----IKNAQALILSSRYEGFVRVISEALALGTPVISTNCPSGPNEILSP---NNLVAVDDIKALAEKMNQVMQNPNDFYTPFNLNFLPCNIAKQY-LDYFK", subjectSeq = "HKKHAECITYADYHLAISSGIKEQIMARGISAQDISVVYNPVSIKTVIVPPPERDKPAV---FLYVGRLKFEGQKRVKDLFDGLARTTGEWQLHIIGDGSDFEKCQAYSRELGIEQRVIWYGWQSAPWQVVQQKIKNVTALLLTSAFEGFPMTLLEAMSYGIPCISSDCMSGPRDMIKPGLNGELYTPGAIDDFVGHLNRVISGE----VKYQHDIIPGTIERFYDVLYFK"},BlastTabularHit {queryId = "UniRef50_A0A009E3M2", subjectId = "sp|P27127|RFAB_ECOLI", seqIdentity = 28.099, alignmentLength = 121, misMatches = 80, gapOpenScore = 2, queryStart = 157, queryEnd = 270, hitSeqStart = 198, hitSeqEnd = 318, eValue = 2.33e-9, bitScore = 61.2, subjectFrame = 1, querySeq = "LIKAYAESSQQIPLYLLGKGELEADIKQLIYSLNLEKKVHFLGFNKNPYPF----IKNAQALILSSRYEGFVRVISEALALGTPVISTNCPSGPNEILSPN---NLVAVDDIKALAEKMNQ", subjectSeq = "LLDGLSQAKGNWKLHVLGDGSDFEKCQAYGRELNIDDRIVWYGWQQYPWELVQQDIEKVSALLLTSSFEGFPMTLLEALSWGIPCISADCVSGPADIIQPDVNGHLYQPGDIAGFVTLLNK"},BlastTabularHit {queryId = "UniRef50_A0A009E3M2", subjectId = "sp|O05083|Y1698_HAEIN", seqIdentity = 26.056, alignmentLength = 142, misMatches = 99, gapOpenScore = 2, queryStart = 140, queryEnd = 275, hitSeqStart = 182, hitSeqEnd = 323, eValue = 8.24e-9, bitScore = 59.3, subjectFrame = 1, querySeq = "KYLLHVGAFCYAKAHDTLIKAYAESSQQIP---LYLLGKGELEADIKQLIYSLNLEKKVHFLGFNKNPYPFIKNAQALILSSRYEGFVRVISEALALGTPVISTNCPSGPNEILSPNN---LVAVDDIKALAEKMNQVMQNP", subjectSeq = "KTILSVGHLFSYKGFDYLLKVWQVLAKKYPDWNLKIVGSGEEEENLKNLAKALDIEDSVNFIPRTNDVSFYYESSSIYCLPSQTEGLPLVVIEAMAFGLPIVAFNCSPGVKQLVEHKENGFLCEQNNIEEMVKGLDLLINNP"},BlastTabularHit {queryId = "UniRef50_A0A009E3M2", subjectId = "sp|Q9R9N0|LPSD_RHIME", seqIdentity = 24.419, alignmentLength = 172, misMatches = 118, gapOpenScore = 4, queryStart = 142, queryEnd = 303, hitSeqStart = 171, hitSeqEnd = 340, eValue = 1.3e-8, bitScore = 58.9, subjectFrame = 1, querySeq = "LLHVGAFCYAKAHDTLIKAYAESSQQIPLYLLGKGELEADIKQLIYSLNLEKKVHFLGFNKNPYPFIKNAQALILSSRYEGFVRVISEALALGTPVISTNCPSGPNEILSPNN---LVAVDDIKALAEKMNQVMQNP-------NDFYTPFNLNFLPCNIAKQYLDYFKINI", subjectSeq = "VVGMGRFVKRKGFAGLIRAVKEV-ENTYLWLVGDGPEREQLEQLTDELGLRDRVRFTGWQTNAYGFLSAGDAFVINSSHEPLGNVCFEGWGAGKPTIASRA-EGPSWVMTHESDALMVDCGDDVGLAAAIRRLRDDPALRERLSAGGSETLRTRFSEKAITDAYLDLFDRGV"}]}]
